// Jest Snapshot v1, https://goo.gl/fbAQLP

exports[`Header Tests Snapshot Test 1`] = `
<header
  className="sc-bdnylx crJRMx"
>
  <h1>
    U.S. Covid-19 Deaths
  </h1>
</header>
`;
